[2026-02-09 18:38:37] INFO - ============================================================
[2026-02-09 18:38:37] INFO -   SEO 自動排名追蹤工具
[2026-02-09 18:38:37] INFO -   目標網域排名監測 — Pivot 矩陣輸出
[2026-02-09 18:38:37] INFO - ============================================================
[2026-02-09 18:38:37] WARNING -   KEYWORDS 第 2 列的 B 欄為數字 (3)，已跳過
[2026-02-09 18:38:37] INFO - 成功載入 15 個關鍵字
[2026-02-09 18:38:37] INFO - 從 data/input/converted/final/converted_2026.json 載入 120 個假日
[2026-02-09 18:38:37] INFO - 目標網域: https://www.scincotaiwan.tw/
[2026-02-09 18:38:37] INFO - 搜尋深度: 3 頁
[2026-02-09 18:38:37] INFO - 超出閾值: 15
[2026-02-09 18:38:37] INFO - 關鍵字數: 15
[2026-02-09 18:38:37] INFO - 正在啟動 Chrome 瀏覽器...
[2026-02-09 18:38:39] INFO - [1/15] 搜尋關鍵字：分光光度計
[2026-02-09 18:38:47] INFO -   比對目標域名: www.scincotaiwan.tw
[2026-02-09 18:38:55] INFO -   未找到目標網域（已搜尋 3 頁）
[2026-02-09 18:38:55] INFO -   結果: 15以外
[2026-02-09 18:38:55] INFO -   等待 5 秒...
[2026-02-09 18:39:00] INFO - [2/15] 搜尋關鍵字：ftir
[2026-02-09 18:40:24] INFO - ============================================================
[2026-02-09 18:40:24] INFO -   SEO 自動排名追蹤工具
[2026-02-09 18:40:24] INFO -   目標網域排名監測 — Pivot 矩陣輸出
[2026-02-09 18:40:24] INFO - ============================================================
[2026-02-09 18:40:24] WARNING -   KEYWORDS 第 2 列的 B 欄為數字 (3)，已跳過
[2026-02-09 18:40:24] INFO - 成功載入 15 個關鍵字
[2026-02-09 18:40:24] INFO - 從 data/input/converted/final/converted_2026.json 載入 120 個假日
[2026-02-09 18:40:24] INFO - 目標網域: https://www.scincotaiwan.tw/
[2026-02-09 18:40:24] INFO - 搜尋深度: 3 頁
[2026-02-09 18:40:24] INFO - 超出閾值: 15
[2026-02-09 18:40:24] INFO - 關鍵字數: 15
[2026-02-09 18:40:24] INFO - 正在啟動 Chrome 瀏覽器...
[2026-02-09 18:40:26] INFO - [1/15] 搜尋關鍵字：分光光度計
[2026-02-09 18:40:34] INFO -   比對目標域名: www.scincotaiwan.tw
[2026-02-09 18:40:41] INFO -   未找到目標網域（已搜尋 3 頁）
[2026-02-09 18:40:41] INFO -   結果: 15以外
[2026-02-09 18:40:41] INFO -   等待 5 秒...
[2026-02-09 18:40:46] INFO - [2/15] 搜尋關鍵字：ftir
[2026-02-09 18:40:54] INFO -   比對目標域名: www.scincotaiwan.tw
[2026-02-09 18:41:01] INFO -   未找到目標網域（已搜尋 3 頁）
[2026-02-09 18:41:01] INFO -   結果: 15以外
[2026-02-09 18:41:02] INFO -   等待 5 秒...
[2026-02-09 18:41:07] INFO - [3/15] 搜尋關鍵字：近紅外光譜儀
[2026-02-09 18:41:14] INFO -   比對目標域名: www.scincotaiwan.tw
[2026-02-09 18:41:22] INFO -   未找到目標網域（已搜尋 3 頁）
[2026-02-09 18:41:22] INFO -   結果: 15以外
[2026-02-09 18:41:22] INFO -   等待 5 秒...
[2026-02-09 18:41:27] INFO - [4/15] 搜尋關鍵字：拉曼光譜儀
[2026-02-09 18:41:34] INFO -   比對目標域名: www.scincotaiwan.tw
[2026-02-09 18:41:45] INFO -   未找到目標網域（已搜尋 3 頁）
[2026-02-09 18:41:45] INFO -   結果: 15以外
[2026-02-09 18:41:45] INFO -   等待 5 秒...
[2026-02-09 18:41:50] INFO - [5/15] 搜尋關鍵字：旋光度計
[2026-02-09 18:41:58] INFO -   比對目標域名: www.scincotaiwan.tw
[2026-02-09 18:44:10] INFO - ============================================================
[2026-02-09 18:44:10] INFO -   SEO 自動排名追蹤工具
[2026-02-09 18:44:10] INFO -   目標網域排名監測 — Pivot 矩陣輸出
[2026-02-09 18:44:10] INFO - ============================================================
[2026-02-09 18:44:10] WARNING -   KEYWORDS 第 2 列的 B 欄為數字 (3)，已跳過
[2026-02-09 18:44:10] INFO - 成功載入 15 個關鍵字
[2026-02-09 18:44:10] INFO - 從 data/input/converted/final/converted_2026.json 載入 120 個假日
[2026-02-09 18:44:10] INFO - 目標網域: https://www.scincotaiwan.tw/
[2026-02-09 18:44:10] INFO - 搜尋深度: 3 頁
[2026-02-09 18:44:10] INFO - 超出閾值: 15
[2026-02-09 18:44:10] INFO - 關鍵字數: 15
[2026-02-09 18:44:10] INFO - 今天 (2026-02-09) 已有資料（15以外），跳過以避免覆蓋。
[2026-02-09 18:44:10] INFO - 如需重新執行，請先手動清除當日資料。
[2026-02-09 18:44:36] INFO - ============================================================
[2026-02-09 18:44:36] INFO -   SEO 自動排名追蹤工具
[2026-02-09 18:44:36] INFO -   目標網域排名監測 — Pivot 矩陣輸出
[2026-02-09 18:44:36] INFO - ============================================================
[2026-02-09 18:44:36] WARNING -   KEYWORDS 第 2 列的 B 欄為數字 (3)，已跳過
[2026-02-09 18:44:36] INFO - 成功載入 15 個關鍵字
[2026-02-09 18:44:36] INFO - 從 data/input/converted/final/converted_2026.json 載入 120 個假日
[2026-02-09 18:44:36] INFO - 目標網域: https://www.scincotaiwan.tw/
[2026-02-09 18:44:36] INFO - 搜尋深度: 3 頁
[2026-02-09 18:44:36] INFO - 超出閾值: 15
[2026-02-09 18:44:36] INFO - 關鍵字數: 15
[2026-02-09 18:44:36] INFO - 正在啟動 Chrome 瀏覽器...
[2026-02-09 18:44:39] INFO - [1/15] 搜尋關鍵字：分光光度計
[2026-02-09 18:44:47] INFO -   比對目標域名: www.scincotaiwan.tw
[2026-02-09 18:44:47] INFO -   第 1 頁：找到 0 個 .g 元素
[2026-02-09 18:44:51] INFO -   第 2 頁：找到 0 個 .g 元素
[2026-02-09 18:44:55] INFO -   第 3 頁：找到 0 個 .g 元素
[2026-02-09 18:44:55] INFO -   未找到目標網域（已搜尋 3 頁）
[2026-02-09 18:44:55] INFO -   結果: 15以外
[2026-02-09 18:44:55] INFO -   等待 5 秒...
[2026-02-09 18:45:00] INFO - [2/15] 搜尋關鍵字：ftir
[2026-02-09 18:48:54] INFO - ============================================================
[2026-02-09 18:48:54] INFO -   SEO 自動排名追蹤工具
[2026-02-09 18:48:54] INFO -   目標網域排名監測 — Pivot 矩陣輸出
[2026-02-09 18:48:54] INFO - ============================================================
[2026-02-09 18:48:54] WARNING -   KEYWORDS 第 2 列的 B 欄為數字 (3)，已跳過
[2026-02-09 18:48:54] INFO - 成功載入 15 個關鍵字
[2026-02-09 18:48:54] INFO - 從 data/input/converted/final/converted_2026.json 載入 120 個假日
[2026-02-09 18:48:54] INFO - 目標網域: https://www.scincotaiwan.tw/
[2026-02-09 18:48:54] INFO - 搜尋深度: 3 頁
[2026-02-09 18:48:54] INFO - 超出閾值: 15
[2026-02-09 18:48:54] INFO - 關鍵字數: 15
[2026-02-09 18:48:54] INFO - 今天 (2026-02-09) 已有資料（15以外），跳過以避免覆蓋。
[2026-02-09 18:48:54] INFO - 如需重新執行，請先手動清除當日資料。
[2026-02-09 18:49:03] INFO - ============================================================
[2026-02-09 18:49:03] INFO -   SEO 自動排名追蹤工具
[2026-02-09 18:49:03] INFO -   目標網域排名監測 — Pivot 矩陣輸出
[2026-02-09 18:49:03] INFO - ============================================================
[2026-02-09 18:49:03] WARNING -   KEYWORDS 第 2 列的 B 欄為數字 (3)，已跳過
[2026-02-09 18:49:03] INFO - 成功載入 15 個關鍵字
[2026-02-09 18:49:03] INFO - 從 data/input/converted/final/converted_2026.json 載入 120 個假日
[2026-02-09 18:49:03] INFO - 目標網域: https://www.scincotaiwan.tw/
[2026-02-09 18:49:03] INFO - 搜尋深度: 3 頁
[2026-02-09 18:49:03] INFO - 超出閾值: 15
[2026-02-09 18:49:03] INFO - 關鍵字數: 15
[2026-02-09 18:49:03] INFO - 正在啟動 Chrome 瀏覽器...
[2026-02-09 18:49:06] INFO - [1/15] 搜尋關鍵字：分光光度計
[2026-02-09 18:49:13] INFO -   比對目標域名: scincotaiwan.tw (原始: https://www.scincotaiwan.tw/)
[2026-02-09 18:49:13] INFO -   第 1 頁：找到 12 個結果標題連結
[2026-02-09 18:49:13] INFO -     #1 zh.wikipedia.org → ✗
[2026-02-09 18:49:13] INFO -     #2 www.scincotaiwan.tw → ✓ 匹配
[2026-02-09 18:49:13] INFO -   找到！排名第 2 名，第 1 頁
[2026-02-09 18:49:13] INFO -   結果: 2/P.1
[2026-02-09 18:49:13] INFO -   等待 5 秒...
[2026-02-09 18:49:18] INFO - [2/15] 搜尋關鍵字：ftir
[2026-02-09 18:49:26] INFO -   比對目標域名: scincotaiwan.tw (原始: https://www.scincotaiwan.tw/)
[2026-02-09 18:49:26] INFO -   第 1 頁：找到 13 個結果標題連結
[2026-02-09 18:49:26] INFO -     #1 zh.wikipedia.org → ✗
[2026-02-09 18:49:26] INFO -     #2 www.rightek.com.tw → ✗
[2026-02-09 18:49:26] INFO -     #3 www.thermofisher.com → ✗
[2026-02-09 18:49:26] INFO -     #4 www.rightek.com.tw → ✗
[2026-02-09 18:49:26] INFO -     #5 zh.wikipedia.org → ✗
[2026-02-09 18:49:26] INFO -     #6 blog.kohan.com.tw → ✗
[2026-02-09 18:49:26] INFO -     #7 www.istgroup.com → ✗
[2026-02-09 18:49:26] INFO -     #8 www.thermofisher.com → ✗
[2026-02-09 18:49:26] INFO -     #9 che.yuntech.edu.tw → ✗
[2026-02-09 18:49:26] INFO -     #10 blog.kohan.com.tw → ✗
[2026-02-09 18:49:26] INFO -     #11 nscric.site.nthu.edu.tw → ✗
[2026-02-09 18:49:26] INFO -     #12 www.mt.com → ✗
[2026-02-09 18:49:26] INFO -     #13 rndcic.ntut.edu.tw → ✗
[2026-02-09 18:49:30] INFO -   第 2 頁：找到 10 個結果標題連結
[2026-02-09 18:49:30] INFO -     #14 www.scincotaiwan.tw → ✓ 匹配
[2026-02-09 18:49:30] INFO -   找到！排名第 14 名，第 2 頁
[2026-02-09 18:49:30] INFO -   結果: 14/P.2
[2026-02-09 18:49:30] INFO -   等待 5 秒...
[2026-02-09 18:49:35] INFO - [3/15] 搜尋關鍵字：近紅外光譜儀
[2026-02-09 18:49:42] INFO -   比對目標域名: scincotaiwan.tw (原始: https://www.scincotaiwan.tw/)
[2026-02-09 18:49:42] INFO -   第 1 頁：找到 13 個結果標題連結
[2026-02-09 18:49:42] INFO -     #1 www.metrohm.com → ✗
[2026-02-09 18:49:42] INFO -     #2 www.drbrainchou.com → ✗
[2026-02-09 18:49:42] INFO -     #3 sp1.hso.mohw.gov.tw → ✗
[2026-02-09 18:49:42] INFO -     #4 fs.ntou.edu.tw → ✗
[2026-02-09 18:49:42] INFO -     #5 www.light-uf.com → ✗
[2026-02-09 18:49:42] INFO -     #6 www.rightek.com.tw → ✗
[2026-02-09 18:49:42] INFO -     #7 www.otophotonics.com → ✗
[2026-02-09 18:49:42] INFO -     #8 www.oceanhoodtw.com → ✗
[2026-02-09 18:49:42] INFO -     #9 product.acttr.com → ✗
[2026-02-09 18:49:42] INFO -     #10 www.thermofisher.com → ✗
[2026-02-09 18:49:42] INFO -     #11 www.malvernpanalytical.com → ✗
[2026-02-09 18:49:42] INFO -     #12 www.scincotaiwan.tw → ✓ 匹配
[2026-02-09 18:49:42] INFO -   找到！排名第 12 名，第 1 頁
[2026-02-09 18:49:42] INFO -   結果: 12/P.1
[2026-02-09 18:49:42] INFO -   等待 5 秒...
[2026-02-09 18:49:47] INFO - [4/15] 搜尋關鍵字：拉曼光譜儀
[2026-02-09 18:49:55] INFO -   比對目標域名: scincotaiwan.tw (原始: https://www.scincotaiwan.tw/)
[2026-02-09 18:49:55] INFO -   第 1 頁：找到 13 個結果標題連結
[2026-02-09 18:49:55] INFO -     #1 www.rightek.com.tw → ✗
[2026-02-09 18:49:55] INFO -     #2 www.scientech.com.tw → ✗
[2026-02-09 18:49:55] INFO -     #3 tcsb.nuu.edu.tw → ✗
[2026-02-09 18:49:55] INFO -     #4 www.mt.com → ✗
[2026-02-09 18:49:55] INFO -     #5 www.eurofins.tw → ✗
[2026-02-09 18:49:55] INFO -     #6 zh.wikipedia.org → ✗
[2026-02-09 18:49:55] INFO -     #7 smartcity.org.tw → ✗
[2026-02-09 18:49:55] INFO -     #8 www.scientech.com.tw → ✗
[2026-02-09 18:49:55] INFO -     #9 sppic.ntust.edu.tw → ✗
[2026-02-09 18:49:55] INFO -     #10 www.mt.com → ✗
[2026-02-09 18:49:55] INFO -     #11 www.metrohm.com → ✗
[2026-02-09 18:49:55] INFO -     #12 www.oceanhoodtw.com → ✗
[2026-02-09 18:49:55] INFO -     #13 www.scincotaiwan.tw → ✓ 匹配
[2026-02-09 18:49:55] INFO -   找到！排名第 13 名，第 1 頁
[2026-02-09 18:49:55] INFO -   結果: 13/P.1
[2026-02-09 18:49:55] INFO -   等待 5 秒...
[2026-02-09 18:50:00] INFO - [5/15] 搜尋關鍵字：旋光度計
[2026-02-09 18:50:07] INFO -   比對目標域名: scincotaiwan.tw (原始: https://www.scincotaiwan.tw/)
[2026-02-09 18:50:07] INFO -   第 1 頁：找到 13 個結果標題連結
[2026-02-09 18:50:07] INFO -     #1 www.sun-way.com.tw → ✗
[2026-02-09 18:50:07] INFO -     #2 www.chuanhua.com.tw → ✗
[2026-02-09 18:50:07] INFO -     #3 www.scincotaiwan.tw → ✓ 匹配
[2026-02-09 18:50:07] INFO -   找到！排名第 3 名，第 1 頁
[2026-02-09 18:50:07] INFO -   結果: 3/P.1
[2026-02-09 18:50:07] INFO -   等待 5 秒...
[2026-02-09 18:50:12] INFO - [6/15] 搜尋關鍵字：uv vis
[2026-02-09 18:50:20] INFO -   比對目標域名: scincotaiwan.tw (原始: https://www.scincotaiwan.tw/)
[2026-02-09 18:50:20] INFO -   第 1 頁：找到 12 個結果標題連結
[2026-02-09 18:50:20] INFO -     #1 zh.wikipedia.org → ✗
[2026-02-09 18:50:20] INFO -     #2 emo.ntut.edu.tw → ✗
[2026-02-09 18:50:20] INFO -     #3 scitechvista.nat.gov.tw → ✗
[2026-02-09 18:50:20] INFO -     #4 www.shiyanjia.com → ✗
[2026-02-09 18:50:20] INFO -     #5 www.mt.com → ✗
[2026-02-09 18:50:20] INFO -     #6 www.mt.com → ✗
[2026-02-09 18:50:20] INFO -     #7 www.scincotaiwan.tw → ✓ 匹配
[2026-02-09 18:50:20] INFO -   找到！排名第 7 名，第 1 頁
[2026-02-09 18:50:20] INFO -   結果: 7/P.1
[2026-02-09 18:50:20] INFO -   等待 5 秒...
[2026-02-09 18:50:25] INFO - [7/15] 搜尋關鍵字：Raman
[2026-02-09 18:50:32] INFO -   比對目標域名: scincotaiwan.tw (原始: https://www.scincotaiwan.tw/)
[2026-02-09 18:50:32] INFO -   第 1 頁：找到 13 個結果標題連結
[2026-02-09 18:50:32] INFO -     #1 zh.wikipedia.org → ✗
[2026-02-09 18:50:32] INFO -     #2 www.scientech.com.tw → ✗
[2026-02-09 18:50:32] INFO -     #3 zh.wikipedia.org → ✗
[2026-02-09 18:50:32] INFO -     #4 www.mt.com → ✗
[2026-02-09 18:50:32] INFO -     #5 zh-yue.wikipedia.org → ✗
[2026-02-09 18:50:32] INFO -     #6 www.rightek.com.tw → ✗
[2026-02-09 18:50:32] INFO -     #7 www.mt.com → ✗
[2026-02-09 18:50:32] INFO -     #8 www.johas.com.tw → ✗
[2026-02-09 18:50:32] INFO -     #9 rndcic.ntut.edu.tw → ✗
[2026-02-09 18:50:32] INFO -     #10 sppic.ntust.edu.tw → ✗
[2026-02-09 18:50:32] INFO -     #11 www.sun-way.com.tw → ✗
[2026-02-09 18:50:32] INFO -     #12 www.scincotaiwan.tw → ✓ 匹配
[2026-02-09 18:50:32] INFO -   找到！排名第 12 名，第 1 頁
[2026-02-09 18:50:32] INFO -   結果: 12/P.1
[2026-02-09 18:50:32] INFO -   等待 5 秒...
[2026-02-09 18:50:37] INFO - [8/15] 搜尋關鍵字：恆溫恆濕箱
[2026-02-09 18:50:45] INFO -   比對目標域名: scincotaiwan.tw (原始: https://www.scincotaiwan.tw/)
[2026-02-09 18:50:45] INFO -   第 1 頁：找到 9 個結果標題連結
[2026-02-09 18:50:45] INFO -     #1 www.boruey.com.tw → ✗
[2026-02-09 18:50:45] INFO -     #2 shopee.tw → ✗
[2026-02-09 18:50:45] INFO -     #3 www.scincotaiwan.tw → ✓ 匹配
[2026-02-09 18:50:45] INFO -   找到！排名第 3 名，第 1 頁
[2026-02-09 18:50:45] INFO -   結果: 3/P.1
[2026-02-09 18:50:45] INFO -   等待 5 秒...
[2026-02-09 18:50:50] INFO - [9/15] 搜尋關鍵字：微流體
[2026-02-09 18:50:58] INFO -   比對目標域名: scincotaiwan.tw (原始: https://www.scincotaiwan.tw/)
[2026-02-09 18:50:58] INFO -   第 1 頁：找到 12 個結果標題連結
[2026-02-09 18:50:58] INFO -     #1 www.bnext.com.tw → ✗
[2026-02-09 18:50:58] INFO -     #2 money.udn.com → ✗
[2026-02-09 18:50:58] INFO -     #3 zh.wikipedia.org → ✗
[2026-02-09 18:50:58] INFO -     #4 www.scincotaiwan.tw → ✓ 匹配
[2026-02-09 18:50:58] INFO -   找到！排名第 4 名，第 1 頁
[2026-02-09 18:50:58] INFO -   結果: 4/P.1
[2026-02-09 18:50:58] INFO -   等待 5 秒...
[2026-02-09 18:51:03] INFO - [10/15] 搜尋關鍵字：溶離試驗
[2026-02-09 18:51:11] INFO -   比對目標域名: scincotaiwan.tw (原始: https://www.scincotaiwan.tw/)
[2026-02-09 18:51:11] INFO -   第 1 頁：找到 13 個結果標題連結
[2026-02-09 18:51:11] INFO -     #1 blog.kohan.com.tw → ✗
[2026-02-09 18:51:11] INFO -     #2 blog.kohan.com.tw → ✗
[2026-02-09 18:51:11] INFO -     #3 www.cde.org.tw → ✗
[2026-02-09 18:51:11] INFO -     #4 nonohu.com → ✗
[2026-02-09 18:51:11] INFO -     #5 www.fda.gov.tw → ✗
[2026-02-09 18:51:11] INFO -     #6 www.scincotaiwan.tw → ✓ 匹配
[2026-02-09 18:51:11] INFO -   找到！排名第 6 名，第 1 頁
[2026-02-09 18:51:11] INFO -   結果: 6/P.1
[2026-02-09 18:51:11] INFO -   等待 5 秒...
[2026-02-09 18:51:16] INFO - [11/15] 搜尋關鍵字：dissolution USP4
[2026-02-09 18:51:24] INFO -   比對目標域名: scincotaiwan.tw (原始: https://www.scincotaiwan.tw/)
[2026-02-09 18:51:24] INFO -   第 1 頁：找到 9 個結果標題連結
[2026-02-09 18:51:24] INFO -     #1 scincotaiwan.tw → ✓ 匹配
[2026-02-09 18:51:24] INFO -   找到！排名第 1 名，第 1 頁
[2026-02-09 18:51:24] INFO -   結果: 1/P.1
[2026-02-09 18:51:24] INFO -   等待 5 秒...
[2026-02-09 18:51:29] INFO - [12/15] 搜尋關鍵字：nanodrop
[2026-02-09 18:51:37] INFO -   比對目標域名: scincotaiwan.tw (原始: https://www.scincotaiwan.tw/)
[2026-02-09 18:51:37] INFO -   第 1 頁：找到 10 個結果標題連結
[2026-02-09 18:51:37] INFO -     #1 www.thermofisher.com → ✗
[2026-02-09 18:51:37] INFO -     #2 www.thermofisher.com → ✗
[2026-02-09 18:51:37] INFO -     #3 biopioneer.com.tw → ✗
[2026-02-09 18:51:37] INFO -     #4 www.thermofisher.com → ✗
[2026-02-09 18:51:37] INFO -     #5 ord.nycu.edu.tw → ✗
[2026-02-09 18:51:37] INFO -     #6 www.scincotaiwan.tw → ✓ 匹配
[2026-02-09 18:51:37] INFO -   找到！排名第 6 名，第 1 頁
[2026-02-09 18:51:37] INFO -   結果: 6/P.1
[2026-02-09 18:51:37] INFO -   等待 5 秒...
[2026-02-09 18:51:42] INFO - [13/15] 搜尋關鍵字：microfluidic
[2026-02-09 18:51:49] INFO -   比對目標域名: scincotaiwan.tw (原始: https://www.scincotaiwan.tw/)
[2026-02-09 18:51:49] INFO -   第 1 頁：找到 12 個結果標題連結
[2026-02-09 18:51:49] INFO -     #1 zh.wikipedia.org → ✗
[2026-02-09 18:51:49] INFO -     #2 www.phys.sinica.edu.tw → ✗
[2026-02-09 18:51:49] INFO -     #3 www.scincotaiwan.tw → ✓ 匹配
[2026-02-09 18:51:49] INFO -   找到！排名第 3 名，第 1 頁
[2026-02-09 18:51:49] INFO -   結果: 3/P.1
[2026-02-09 18:51:49] INFO -   等待 5 秒...
[2026-02-09 18:51:54] INFO - [14/15] 搜尋關鍵字：熱分析
[2026-02-09 18:52:02] INFO -   比對目標域名: scincotaiwan.tw (原始: https://www.scincotaiwan.tw/)
[2026-02-09 18:52:02] INFO -   第 1 頁：找到 13 個結果標題連結
[2026-02-09 18:52:02] INFO -     #1 blog.kohan.com.tw → ✗
[2026-02-09 18:52:02] INFO -     #2 www.techmaxasia.com → ✗
[2026-02-09 18:52:02] INFO -     #3 nscric.site.nthu.edu.tw → ✗
[2026-02-09 18:52:02] INFO -     #4 www.tainstruments.com → ✗
[2026-02-09 18:52:02] INFO -     #5 mse.nuu.edu.tw → ✗
[2026-02-09 18:52:02] INFO -     #6 www.tainstruments.com → ✗
[2026-02-09 18:52:02] INFO -     #7 nscric.site.nthu.edu.tw → ✗
[2026-02-09 18:52:02] INFO -     #8 www.scincotaiwan.tw → ✓ 匹配
[2026-02-09 18:52:02] INFO -   找到！排名第 8 名，第 1 頁
[2026-02-09 18:52:02] INFO -   結果: 8/P.1
[2026-02-09 18:52:02] INFO -   等待 5 秒...
[2026-02-09 18:52:07] INFO - [15/15] 搜尋關鍵字：FTIR ATR
[2026-02-09 18:52:15] INFO -   比對目標域名: scincotaiwan.tw (原始: https://www.scincotaiwan.tw/)
[2026-02-09 18:52:15] INFO -   第 1 頁：找到 12 個結果標題連結
[2026-02-09 18:52:15] INFO -     #1 www.scincotaiwan.tw → ✓ 匹配
[2026-02-09 18:52:15] INFO -   找到！排名第 1 名，第 1 頁
[2026-02-09 18:52:15] INFO -   結果: 1/P.1
[2026-02-09 18:52:15] INFO - ============================================================
[2026-02-09 18:52:15] INFO - 所有關鍵字搜尋完成！共處理 15 個關鍵字
[2026-02-09 18:52:15] INFO - 結果已儲存至 data/output/seo_search_results.xlsx
[2026-02-09 18:52:15] INFO - ============================================================
[2026-02-09 19:00:12] INFO - ============================================================
[2026-02-09 19:00:12] INFO -   SEO 自動排名追蹤工具
[2026-02-09 19:00:12] INFO -   目標網域排名監測 — Pivot 矩陣輸出
[2026-02-09 19:00:12] INFO - ============================================================
[2026-02-09 19:00:12] INFO - 成功載入 17 個關鍵字
[2026-02-09 19:00:12] INFO - 從 data/input/converted/final/converted_2026.json 載入 120 個假日
[2026-02-09 19:00:12] INFO - 目標網域: https://www.scincotaiwan.tw/
[2026-02-09 19:00:12] INFO - 搜尋深度: 3 頁
[2026-02-09 19:00:12] INFO - 超出閾值: 15
[2026-02-09 19:00:12] INFO - 關鍵字數: 17
[2026-02-09 19:00:12] INFO - 正在啟動 Chrome 瀏覽器...
[2026-02-09 19:00:15] INFO - [1/17] 搜尋關鍵字：紅外光譜儀
[2026-02-09 19:00:22] INFO -   比對目標域名: scincotaiwan.tw (原始: https://www.scincotaiwan.tw/)
[2026-02-09 19:00:22] INFO -   第 1 頁：找到 10 個結果標題連結
[2026-02-09 19:00:22] INFO -     #1 blog.kohan.com.tw → ✗
[2026-02-09 19:00:22] INFO -     #2 www.rightek.com.tw → ✗
[2026-02-09 19:00:22] INFO -     #3 wavelength-oe.com → ✗
[2026-02-09 19:00:22] INFO -     #4 zh.wikipedia.org → ✗
[2026-02-09 19:00:22] INFO -     #5 www.scincotaiwan.tw → ✓ 匹配
[2026-02-09 19:00:22] INFO -   找到！排名第 5 名，第 1 頁
[2026-02-09 19:00:22] INFO -   結果: 5/P.1
[2026-02-09 19:00:22] INFO -   等待 5 秒...
[2026-02-09 19:00:27] INFO - [2/17] 搜尋關鍵字：分光光度計
[2026-02-09 19:00:35] INFO -   比對目標域名: scincotaiwan.tw (原始: https://www.scincotaiwan.tw/)
[2026-02-09 19:00:35] INFO -   第 1 頁：找到 12 個結果標題連結
[2026-02-09 19:00:35] INFO -     #1 www.scincotaiwan.tw → ✓ 匹配
[2026-02-09 19:00:35] INFO -   找到！排名第 1 名，第 1 頁
[2026-02-09 19:00:35] INFO -   結果: 1/P.1
[2026-02-09 19:00:35] INFO -   等待 5 秒...
[2026-02-09 19:00:40] INFO - [3/17] 搜尋關鍵字：精密烘箱
[2026-02-09 19:00:47] INFO -   比對目標域名: scincotaiwan.tw (原始: https://www.scincotaiwan.tw/)
[2026-02-09 19:00:48] INFO -   第 1 頁：找到 9 個結果標題連結
[2026-02-09 19:00:48] INFO -     #1 www.twhipoint.com → ✗
[2026-02-09 19:00:48] INFO -     #2 www.finetech-filter.com → ✗
[2026-02-09 19:00:48] INFO -     #3 www.scincotaiwan.tw → ✓ 匹配
[2026-02-09 19:00:48] INFO -   找到！排名第 3 名，第 1 頁
[2026-02-09 19:00:48] INFO -   結果: 3/P.1
[2026-02-09 19:00:48] INFO -   等待 5 秒...
[2026-02-09 19:00:53] INFO - [4/17] 搜尋關鍵字：ftir
[2026-02-09 19:01:00] INFO -   比對目標域名: scincotaiwan.tw (原始: https://www.scincotaiwan.tw/)
[2026-02-09 19:01:00] INFO -   第 1 頁：找到 13 個結果標題連結
[2026-02-09 19:01:00] INFO -     #1 zh.wikipedia.org → ✗
[2026-02-09 19:01:00] INFO -     #2 www.rightek.com.tw → ✗
[2026-02-09 19:01:00] INFO -     #3 www.thermofisher.com → ✗
[2026-02-09 19:01:00] INFO -     #4 www.rightek.com.tw → ✗
[2026-02-09 19:01:00] INFO -     #5 zh.wikipedia.org → ✗
[2026-02-09 19:01:00] INFO -     #6 blog.kohan.com.tw → ✗
[2026-02-09 19:01:00] INFO -     #7 www.thermofisher.com → ✗
[2026-02-09 19:01:00] INFO -     #8 www.istgroup.com → ✗
[2026-02-09 19:01:00] INFO -     #9 che.yuntech.edu.tw → ✗
[2026-02-09 19:01:00] INFO -     #10 nscric.site.nthu.edu.tw → ✗
[2026-02-09 19:01:00] INFO -     #11 blog.kohan.com.tw → ✗
[2026-02-09 19:01:00] INFO -     #12 www.anton-paar.com → ✗
[2026-02-09 19:01:00] INFO -     #13 www.scincotaiwan.tw → ✓ 匹配
[2026-02-09 19:01:00] INFO -   找到！排名第 13 名，第 1 頁
[2026-02-09 19:01:00] INFO -   結果: 13/P.1
[2026-02-09 19:01:00] INFO -   等待 5 秒...
[2026-02-09 19:01:05] INFO - [5/17] 搜尋關鍵字：近紅外光譜儀
[2026-02-09 19:01:13] INFO -   比對目標域名: scincotaiwan.tw (原始: https://www.scincotaiwan.tw/)
[2026-02-09 19:01:13] INFO -   第 1 頁：找到 12 個結果標題連結
[2026-02-09 19:01:13] INFO -     #1 www.metrohm.com → ✗
[2026-02-09 19:01:13] INFO -     #2 www.drbrainchou.com → ✗
[2026-02-09 19:01:13] INFO -     #3 sp1.hso.mohw.gov.tw → ✗
[2026-02-09 19:01:13] INFO -     #4 fs.ntou.edu.tw → ✗
[2026-02-09 19:01:13] INFO -     #5 www.light-uf.com → ✗
[2026-02-09 19:01:13] INFO -     #6 www.rightek.com.tw → ✗
[2026-02-09 19:01:13] INFO -     #7 www.otophotonics.com → ✗
[2026-02-09 19:01:13] INFO -     #8 www.oceanhoodtw.com → ✗
[2026-02-09 19:01:13] INFO -     #9 www.malvernpanalytical.com → ✗
[2026-02-09 19:01:13] INFO -     #10 product.acttr.com → ✗
[2026-02-09 19:01:13] INFO -     #11 www.scincotaiwan.tw → ✓ 匹配
[2026-02-09 19:01:13] INFO -   找到！排名第 11 名，第 1 頁
[2026-02-09 19:01:13] INFO -   結果: 11/P.1
[2026-02-09 19:01:13] INFO -   等待 5 秒...
[2026-02-09 19:01:18] INFO - [6/17] 搜尋關鍵字：拉曼光譜儀
[2026-02-09 19:01:25] INFO -   比對目標域名: scincotaiwan.tw (原始: https://www.scincotaiwan.tw/)
[2026-02-09 19:01:25] INFO -   第 1 頁：找到 13 個結果標題連結
[2026-02-09 19:01:25] INFO -     #1 www.rightek.com.tw → ✗
[2026-02-09 19:01:25] INFO -     #2 www.scientech.com.tw → ✗
[2026-02-09 19:01:25] INFO -     #3 tcsb.nuu.edu.tw → ✗
[2026-02-09 19:01:25] INFO -     #4 www.mt.com → ✗
[2026-02-09 19:01:25] INFO -     #5 www.eurofins.tw → ✗
[2026-02-09 19:01:25] INFO -     #6 zh.wikipedia.org → ✗
[2026-02-09 19:01:25] INFO -     #7 smartcity.org.tw → ✗
[2026-02-09 19:01:25] INFO -     #8 www.scientech.com.tw → ✗
[2026-02-09 19:01:25] INFO -     #9 sppic.ntust.edu.tw → ✗
[2026-02-09 19:01:25] INFO -     #10 www.mt.com → ✗
[2026-02-09 19:01:25] INFO -     #11 www.metrohm.com → ✗
[2026-02-09 19:01:25] INFO -     #12 www.oceanhoodtw.com → ✗
[2026-02-09 19:01:25] INFO -     #13 www.scincotaiwan.tw → ✓ 匹配
[2026-02-09 19:01:25] INFO -   找到！排名第 13 名，第 1 頁
[2026-02-09 19:01:25] INFO -   結果: 13/P.1
[2026-02-09 19:01:25] INFO -   等待 5 秒...
[2026-02-09 19:01:30] INFO - [7/17] 搜尋關鍵字：旋光度計
[2026-02-09 19:01:38] INFO -   比對目標域名: scincotaiwan.tw (原始: https://www.scincotaiwan.tw/)
[2026-02-09 19:01:38] INFO -   第 1 頁：找到 13 個結果標題連結
[2026-02-09 19:01:38] INFO -     #1 www.sun-way.com.tw → ✗
[2026-02-09 19:01:38] INFO -     #2 www.chuanhua.com.tw → ✗
[2026-02-09 19:01:38] INFO -     #3 www.scincotaiwan.tw → ✓ 匹配
[2026-02-09 19:01:38] INFO -   找到！排名第 3 名，第 1 頁
[2026-02-09 19:01:38] INFO -   結果: 3/P.1
[2026-02-09 19:01:38] INFO -   等待 5 秒...
[2026-02-09 19:01:43] INFO - [8/17] 搜尋關鍵字：uv vis
[2026-02-09 19:01:50] INFO -   比對目標域名: scincotaiwan.tw (原始: https://www.scincotaiwan.tw/)
[2026-02-09 19:01:50] INFO -   第 1 頁：找到 12 個結果標題連結
[2026-02-09 19:01:50] INFO -     #1 zh.wikipedia.org → ✗
[2026-02-09 19:01:50] INFO -     #2 emo.ntut.edu.tw → ✗
[2026-02-09 19:01:50] INFO -     #3 scitechvista.nat.gov.tw → ✗
[2026-02-09 19:01:50] INFO -     #4 www.shiyanjia.com → ✗
[2026-02-09 19:01:50] INFO -     #5 www.mt.com → ✗
[2026-02-09 19:01:50] INFO -     #6 www.mt.com → ✗
[2026-02-09 19:01:50] INFO -     #7 www.scincotaiwan.tw → ✓ 匹配
[2026-02-09 19:01:50] INFO -   找到！排名第 7 名，第 1 頁
[2026-02-09 19:01:50] INFO -   結果: 7/P.1
[2026-02-09 19:01:50] INFO -   等待 5 秒...
[2026-02-09 19:01:55] INFO - [9/17] 搜尋關鍵字：Raman
[2026-02-09 19:02:03] INFO -   比對目標域名: scincotaiwan.tw (原始: https://www.scincotaiwan.tw/)
[2026-02-09 19:02:03] INFO -   第 1 頁：找到 13 個結果標題連結
[2026-02-09 19:02:03] INFO -     #1 zh.wikipedia.org → ✗
[2026-02-09 19:02:03] INFO -     #2 www.scientech.com.tw → ✗
[2026-02-09 19:02:03] INFO -     #3 zh.wikipedia.org → ✗
[2026-02-09 19:02:03] INFO -     #4 www.mt.com → ✗
[2026-02-09 19:02:03] INFO -     #5 zh-yue.wikipedia.org → ✗
[2026-02-09 19:02:03] INFO -     #6 www.rightek.com.tw → ✗
[2026-02-09 19:02:03] INFO -     #7 www.mt.com → ✗
[2026-02-09 19:02:03] INFO -     #8 www.johas.com.tw → ✗
[2026-02-09 19:02:03] INFO -     #9 rndcic.ntut.edu.tw → ✗
[2026-02-09 19:02:03] INFO -     #10 www.scientech.com.tw → ✗
[2026-02-09 19:02:03] INFO -     #11 www.scincotaiwan.tw → ✓ 匹配
[2026-02-09 19:02:03] INFO -   找到！排名第 11 名，第 1 頁
[2026-02-09 19:02:03] INFO -   結果: 11/P.1
[2026-02-09 19:02:03] INFO -   等待 5 秒...
[2026-02-09 19:02:08] INFO - [10/17] 搜尋關鍵字：恆溫恆濕箱
[2026-02-09 19:02:15] INFO -   比對目標域名: scincotaiwan.tw (原始: https://www.scincotaiwan.tw/)
[2026-02-09 19:02:15] INFO -   第 1 頁：找到 9 個結果標題連結
[2026-02-09 19:02:15] INFO -     #1 www.boruey.com.tw → ✗
[2026-02-09 19:02:15] INFO -     #2 shopee.tw → ✗
[2026-02-09 19:02:15] INFO -     #3 www.scincotaiwan.tw → ✓ 匹配
[2026-02-09 19:02:15] INFO -   找到！排名第 3 名，第 1 頁
[2026-02-09 19:02:15] INFO -   結果: 3/P.1
[2026-02-09 19:02:15] INFO -   等待 5 秒...
[2026-02-09 19:02:20] INFO - [11/17] 搜尋關鍵字：微流體
[2026-02-09 19:02:28] INFO -   比對目標域名: scincotaiwan.tw (原始: https://www.scincotaiwan.tw/)
[2026-02-09 19:02:28] INFO -   第 1 頁：找到 12 個結果標題連結
[2026-02-09 19:02:28] INFO -     #1 www.bnext.com.tw → ✗
[2026-02-09 19:02:28] INFO -     #2 money.udn.com → ✗
[2026-02-09 19:02:28] INFO -     #3 zh.wikipedia.org → ✗
[2026-02-09 19:02:28] INFO -     #4 www.scincotaiwan.tw → ✓ 匹配
[2026-02-09 19:02:28] INFO -   找到！排名第 4 名，第 1 頁
[2026-02-09 19:02:28] INFO -   結果: 4/P.1
[2026-02-09 19:02:28] INFO -   等待 5 秒...
[2026-02-09 19:02:33] INFO - [12/17] 搜尋關鍵字：溶離試驗
[2026-02-09 19:02:41] INFO -   比對目標域名: scincotaiwan.tw (原始: https://www.scincotaiwan.tw/)
[2026-02-09 19:02:41] INFO -   第 1 頁：找到 13 個結果標題連結
[2026-02-09 19:02:41] INFO -     #1 blog.kohan.com.tw → ✗
[2026-02-09 19:02:41] INFO -     #2 blog.kohan.com.tw → ✗
[2026-02-09 19:02:41] INFO -     #3 www.cde.org.tw → ✗
[2026-02-09 19:02:41] INFO -     #4 nonohu.com → ✗
[2026-02-09 19:02:41] INFO -     #5 www.fda.gov.tw → ✗
[2026-02-09 19:02:41] INFO -     #6 www.scincotaiwan.tw → ✓ 匹配
[2026-02-09 19:02:41] INFO -   找到！排名第 6 名，第 1 頁
[2026-02-09 19:02:41] INFO -   結果: 6/P.1
[2026-02-09 19:02:41] INFO -   等待 5 秒...
[2026-02-09 19:02:46] INFO - [13/17] 搜尋關鍵字：dissolution USP4
[2026-02-09 19:02:53] INFO -   比對目標域名: scincotaiwan.tw (原始: https://www.scincotaiwan.tw/)
[2026-02-09 19:02:53] INFO -   第 1 頁：找到 9 個結果標題連結
[2026-02-09 19:02:53] INFO -     #1 scincotaiwan.tw → ✓ 匹配
[2026-02-09 19:02:53] INFO -   找到！排名第 1 名，第 1 頁
[2026-02-09 19:02:53] INFO -   結果: 1/P.1
[2026-02-09 19:02:53] INFO -   等待 5 秒...
[2026-02-09 19:02:58] INFO - [14/17] 搜尋關鍵字：nanodrop
[2026-02-09 19:03:06] INFO -   比對目標域名: scincotaiwan.tw (原始: https://www.scincotaiwan.tw/)
[2026-02-09 19:03:06] INFO -   第 1 頁：找到 10 個結果標題連結
[2026-02-09 19:03:06] INFO -     #1 www.thermofisher.com → ✗
[2026-02-09 19:03:06] INFO -     #2 www.thermofisher.com → ✗
[2026-02-09 19:03:06] INFO -     #3 biopioneer.com.tw → ✗
[2026-02-09 19:03:06] INFO -     #4 www.scincotaiwan.tw → ✓ 匹配
[2026-02-09 19:03:06] INFO -   找到！排名第 4 名，第 1 頁
[2026-02-09 19:03:06] INFO -   結果: 4/P.1
[2026-02-09 19:03:06] INFO -   等待 5 秒...
[2026-02-09 19:03:11] INFO - [15/17] 搜尋關鍵字：microfluidic
[2026-02-09 19:03:18] INFO -   比對目標域名: scincotaiwan.tw (原始: https://www.scincotaiwan.tw/)
[2026-02-09 19:03:18] INFO -   第 1 頁：找到 12 個結果標題連結
[2026-02-09 19:03:18] INFO -     #1 zh.wikipedia.org → ✗
[2026-02-09 19:03:18] INFO -     #2 www.phys.sinica.edu.tw → ✗
[2026-02-09 19:03:18] INFO -     #3 www.scincotaiwan.tw → ✓ 匹配
[2026-02-09 19:03:18] INFO -   找到！排名第 3 名，第 1 頁
[2026-02-09 19:03:18] INFO -   結果: 3/P.1
[2026-02-09 19:03:18] INFO -   等待 5 秒...
[2026-02-09 19:03:23] INFO - [16/17] 搜尋關鍵字：熱分析
[2026-02-09 19:03:31] INFO -   比對目標域名: scincotaiwan.tw (原始: https://www.scincotaiwan.tw/)
[2026-02-09 19:03:31] INFO -   第 1 頁：找到 13 個結果標題連結
[2026-02-09 19:03:31] INFO -     #1 blog.kohan.com.tw → ✗
[2026-02-09 19:03:31] INFO -     #2 www.techmaxasia.com → ✗
[2026-02-09 19:03:31] INFO -     #3 www.mt.com → ✗
[2026-02-09 19:03:31] INFO -     #4 nscric.site.nthu.edu.tw → ✗
[2026-02-09 19:03:31] INFO -     #5 www.tainstruments.com → ✗
[2026-02-09 19:03:31] INFO -     #6 www.tainstruments.com → ✗
[2026-02-09 19:03:31] INFO -     #7 nscric.site.nthu.edu.tw → ✗
[2026-02-09 19:03:31] INFO -     #8 www.scincotaiwan.tw → ✓ 匹配
[2026-02-09 19:03:31] INFO -   找到！排名第 8 名，第 1 頁
[2026-02-09 19:03:31] INFO -   結果: 8/P.1
[2026-02-09 19:03:31] INFO -   等待 5 秒...
[2026-02-09 19:03:36] INFO - [17/17] 搜尋關鍵字：FTIR ATR
[2026-02-09 19:03:43] INFO -   比對目標域名: scincotaiwan.tw (原始: https://www.scincotaiwan.tw/)
[2026-02-09 19:03:43] INFO -   第 1 頁：找到 12 個結果標題連結
[2026-02-09 19:03:43] INFO -     #1 www.scincotaiwan.tw → ✓ 匹配
[2026-02-09 19:03:43] INFO -   找到！排名第 1 名，第 1 頁
[2026-02-09 19:03:43] INFO -   結果: 1/P.1
[2026-02-09 19:03:43] INFO - ============================================================
[2026-02-09 19:03:43] INFO - 所有關鍵字搜尋完成！共處理 17 個關鍵字
[2026-02-09 19:03:43] INFO - 結果已儲存至 data/output/seo_search_results.xlsx
[2026-02-09 19:03:43] INFO - ============================================================
